// Vitest Snapshot v1, https://vitest.dev/guide/snapshot.html

exports[`TsvConverter > converteToMarkdown(head	head	head
tett	test	test) - (%s) 1`] = `
"| head | head | head |
| ---- | ---- | ---- |
| tett | test | test |"
`;

exports[`TsvConverter > converteToMarkdown(test	test) - (%s) 1`] = `
"| test | test |
| ---- | ---- |
"
`;

exports[`TsvConverter > converteToMarkdown(tett	test	test) - (%s) 1`] = `
"| tett | test | test |
| ---- | ---- | ---- |
"
`;
